// Jest Snapshot v1, https://goo.gl/fbAQLP

exports[`product actions should return add product action object 1`] = `
Object {
  "payload": Object {
    "product": Object {
      "body": "Product description",
      "id": 1,
      "price": 12.99,
      "title": "Product title",
    },
  },
  "type": "ADDPRODUCT",
}
`;

exports[`product actions should return remove product action object 1`] = `
Object {
  "payload": Object {
    "productId": 1,
  },
  "type": "REMOVEPRODUCT",
}
`;
